Component: ARM Compiler 5.06 update 6 (build 750) Tool: armlink [4d35ed]

==============================================================================

Section Cross References

    startup.o(STACK) refers (Special) to heapauxi.o(.text) for __use_two_region_memory
    startup.o(HEAP) refers (Special) to heapauxi.o(.text) for __use_two_region_memory
    startup.o(RESET) refers (Special) to heapauxi.o(.text) for __use_two_region_memory
    startup.o(RESET) refers to startup.o(STACK) for Stack_Top
    startup.o(RESET) refers to __main.o(!!!main) for __main
    startup.o(.text) refers (Special) to heapauxi.o(.text) for __use_two_region_memory
    startup.o(.text) refers to startup.o(HEAP) for Heap_Mem
    startup.o(.text) refers to startup.o(STACK) for Stack_Mem
    conecta_k_hay_linea_arm_c.o(codigo) refers to conecta_k_2023.o(i.conecta_K_buscar_alineamiento_c) for conecta_K_buscar_alineamiento_c
    conecta_k_hay_linea_arm_c.o(codigo) refers to conecta_k_hay_linea_arm_c.o(datos) for dfila
    conecta_k_hay_linea_arm_arm.o(codigo) refers to conecta_k_buscar_alineamiento_arm_opt.o(codigo) for conecta_K_buscar_alineamiento_arm_opt
    conecta_k_hay_linea_arm_arm.o(codigo) refers to conecta_k_hay_linea_arm_arm.o(datos) for dfila
    conecta_k_2023.o(i.conecta_K_buscar_alineamiento_c) refers to tablero.o(i.tablero_buscar_color) for tablero_buscar_color
    conecta_k_2023.o(i.conecta_K_hay_linea_c_arm) refers to conecta_k_buscar_alineamiento_arm.o(codigo) for conecta_K_buscar_alineamiento_arm
    conecta_k_2023.o(i.conecta_K_hay_linea_c_arm) refers to conecta_k_2023.o(i.conecta_K_buscar_alineamiento_c) for conecta_K_buscar_alineamiento_c
    conecta_k_2023.o(i.conecta_K_hay_linea_c_c) refers to conecta_k_2023.o(i.conecta_K_buscar_alineamiento_c) for conecta_K_buscar_alineamiento_c
    conecta_k_2023.o(i.conecta_K_jugar) refers to tablero.o(i.tablero_inicializar) for tablero_inicializar
    conecta_k_2023.o(i.conecta_K_jugar) refers to conecta_k_2023.o(i.conecta_K_test_cargar_tablero) for conecta_K_test_cargar_tablero
    conecta_k_2023.o(i.conecta_K_jugar) refers to conecta_k_2023.o(i.conecta_K_visualizar_tablero) for conecta_K_visualizar_tablero
    conecta_k_2023.o(i.conecta_K_jugar) refers to entrada.o(i.entrada_inicializar) for entrada_inicializar
    conecta_k_2023.o(i.conecta_K_jugar) refers to entrada.o(i.entrada_nueva) for entrada_nueva
    conecta_k_2023.o(i.conecta_K_jugar) refers to entrada.o(i.entrada_leer) for entrada_leer
    conecta_k_2023.o(i.conecta_K_jugar) refers to tablero.o(i.tablero_leer_celda) for tablero_leer_celda
    conecta_k_2023.o(i.conecta_K_jugar) refers to tablero.o(i.tablero_insertar_color) for tablero_insertar_color
    conecta_k_2023.o(i.conecta_K_jugar) refers to conecta_k_2023.o(i.conecta_K_verificar_K_en_linea) for conecta_K_verificar_K_en_linea
    conecta_k_2023.o(i.conecta_K_jugar) refers to conecta_k_2023.o(.bss) for .bss
    conecta_k_2023.o(i.conecta_K_jugar) refers to conecta_k_2023.o(.data) for .data
    conecta_k_2023.o(i.conecta_K_test_cargar_tablero) refers to tablero.o(i.tablero_insertar_color) for tablero_insertar_color
    conecta_k_2023.o(i.conecta_K_test_cargar_tablero) refers to conecta_k_2023.o(.data) for .data
    conecta_k_2023.o(i.conecta_K_verificar_K_en_linea) refers to conecta_k_2023.o(i.conecta_K_hay_linea_c_c) for conecta_K_hay_linea_c_c
    conecta_k_2023.o(i.conecta_K_verificar_K_en_linea) refers to conecta_k_2023.o(i.conecta_K_hay_linea_c_arm) for conecta_K_hay_linea_c_arm
    conecta_k_2023.o(i.conecta_K_verificar_K_en_linea) refers to conecta_k_hay_linea_arm_c.o(codigo) for conecta_K_hay_linea_arm_c
    conecta_k_2023.o(i.conecta_K_verificar_K_en_linea) refers to conecta_k_hay_linea_arm_arm.o(codigo) for conecta_K_hay_linea_arm_arm
    conecta_k_2023.o(i.conecta_K_visualizar_tablero) refers to tablero.o(i.tablero_leer_celda) for tablero_leer_celda
    conecta_k_2023.o(i.test_entrada) refers to conecta_k_2023.o(.data) for .data
    conecta_k_2023.o(i.test_entrada) refers to conecta_k_2023.o(.constdata) for .constdata
    main.o(i.main) refers to conecta_k_2023.o(i.conecta_K_jugar) for conecta_K_jugar
    tablero.o(i.tablero_borrar_celda) refers to tablero.o(i.tablero_fila_valida) for tablero_fila_valida
    tablero.o(i.tablero_borrar_celda) refers to tablero.o(i.tablero_columna_valida) for tablero_columna_valida
    tablero.o(i.tablero_buscar_color) refers to tablero.o(i.tablero_fila_valida) for tablero_fila_valida
    tablero.o(i.tablero_buscar_color) refers to tablero.o(i.tablero_columna_valida) for tablero_columna_valida
    tablero.o(i.tablero_insertar_celda) refers to tablero.o(i.tablero_fila_valida) for tablero_fila_valida
    tablero.o(i.tablero_insertar_celda) refers to tablero.o(i.tablero_columna_valida) for tablero_columna_valida
    tablero.o(i.tablero_insertar_celda) refers to tablero.o(i.tablero_leer_celda) for tablero_leer_celda
    tablero.o(i.tablero_insertar_color) refers to tablero.o(i.tablero_fila_valida) for tablero_fila_valida
    tablero.o(i.tablero_insertar_color) refers to tablero.o(i.tablero_columna_valida) for tablero_columna_valida
    tablero.o(i.tablero_insertar_color) refers to tablero.o(i.tablero_leer_celda) for tablero_leer_celda
    tablero.o(i.tablero_leer_celda) refers to tablero.o(i.tablero_fila_valida) for tablero_fila_valida
    tablero.o(i.tablero_leer_celda) refers to tablero.o(i.tablero_columna_valida) for tablero_columna_valida
    __main.o(!!!main) refers to __rtentry.o(.ARM.Collect$$rtentry$$00000000) for __rt_entry
    __rtentry.o(.ARM.Collect$$rtentry$$00000000) refers (Special) to __rtentry2.o(.ARM.Collect$$rtentry$$0000000A) for __rt_entry_li
    __rtentry.o(.ARM.Collect$$rtentry$$00000000) refers (Special) to __rtentry2.o(.ARM.Collect$$rtentry$$0000000D) for __rt_entry_main
    __rtentry.o(.ARM.Collect$$rtentry$$00000000) refers (Special) to __rtentry2.o(.ARM.Collect$$rtentry$$0000000C) for __rt_entry_postli_1
    __rtentry.o(.ARM.Collect$$rtentry$$00000000) refers (Special) to __rtentry2.o(.ARM.Collect$$rtentry$$00000009) for __rt_entry_postsh_1
    __rtentry.o(.ARM.Collect$$rtentry$$00000000) refers (Special) to __rtentry2.o(.ARM.Collect$$rtentry$$00000002) for __rt_entry_presh_1
    __rtentry.o(.ARM.Collect$$rtentry$$00000000) refers (Special) to __rtentry4.o(.ARM.Collect$$rtentry$$00000004) for __rt_entry_sh
    __rtentry2.o(.ARM.Collect$$rtentry$$00000008) refers to boardinit2.o(.text) for _platform_post_stackheap_init
    __rtentry2.o(.ARM.Collect$$rtentry$$0000000A) refers to libinit.o(.ARM.Collect$$libinit$$00000000) for __rt_lib_init
    __rtentry2.o(.ARM.Collect$$rtentry$$0000000B) refers to boardinit3.o(.text) for _platform_post_lib_init
    __rtentry2.o(.ARM.Collect$$rtentry$$0000000D) refers to exit.o(.text) for exit
    __rtentry2.o(.ARM.Collect$$rtentry$$0000000D) refers to main.o(i.main) for main
    __rtentry2.o(.ARM.exidx) refers to __rtentry2.o(.ARM.Collect$$rtentry$$00000001) for .ARM.Collect$$rtentry$$00000001
    __rtentry2.o(.ARM.exidx) refers to __rtentry2.o(.ARM.Collect$$rtentry$$00000008) for .ARM.Collect$$rtentry$$00000008
    __rtentry2.o(.ARM.exidx) refers to __rtentry2.o(.ARM.Collect$$rtentry$$0000000A) for .ARM.Collect$$rtentry$$0000000A
    __rtentry2.o(.ARM.exidx) refers to __rtentry2.o(.ARM.Collect$$rtentry$$0000000B) for .ARM.Collect$$rtentry$$0000000B
    __rtentry2.o(.ARM.exidx) refers to __rtentry2.o(.ARM.Collect$$rtentry$$0000000D) for .ARM.Collect$$rtentry$$0000000D
    __rtentry4.o(.ARM.Collect$$rtentry$$00000004) refers to sys_stackheap_outer.o(.text) for __user_setup_stackheap
    __rtentry4.o(.ARM.exidx) refers to __rtentry4.o(.ARM.Collect$$rtentry$$00000004) for .ARM.Collect$$rtentry$$00000004
    sys_stackheap_outer.o(.text) refers to libspace.o(.text) for __user_perproc_libspace
    sys_stackheap_outer.o(.text) refers to startup.o(.text) for __user_initial_stackheap
    exit.o(.text) refers to rtexit.o(.ARM.Collect$$rtexit$$00000000) for __rt_exit
    libinit.o(.ARM.Collect$$libinit$$00000000) refers (Special) to libinit2.o(.ARM.Collect$$libinit$$0000002E) for __rt_lib_init_alloca_1
    libinit.o(.ARM.Collect$$libinit$$00000000) refers (Special) to libinit2.o(.ARM.Collect$$libinit$$0000002C) for __rt_lib_init_argv_1
    libinit.o(.ARM.Collect$$libinit$$00000000) refers (Special) to libinit2.o(.ARM.Collect$$libinit$$0000001B) for __rt_lib_init_atexit_1
    libinit.o(.ARM.Collect$$libinit$$00000000) refers (Special) to libinit2.o(.ARM.Collect$$libinit$$00000021) for __rt_lib_init_clock_1
    libinit.o(.ARM.Collect$$libinit$$00000000) refers (Special) to libinit2.o(.ARM.Collect$$libinit$$00000032) for __rt_lib_init_cpp_1
    libinit.o(.ARM.Collect$$libinit$$00000000) refers (Special) to libinit2.o(.ARM.Collect$$libinit$$00000030) for __rt_lib_init_exceptions_1
    libinit.o(.ARM.Collect$$libinit$$00000000) refers (Special) to libinit2.o(.ARM.Collect$$libinit$$00000002) for __rt_lib_init_fp_1
    libinit.o(.ARM.Collect$$libinit$$00000000) refers (Special) to libinit2.o(.ARM.Collect$$libinit$$0000001F) for __rt_lib_init_fp_trap_1
    libinit.o(.ARM.Collect$$libinit$$00000000) refers (Special) to libinit2.o(.ARM.Collect$$libinit$$00000023) for __rt_lib_init_getenv_1
    libinit.o(.ARM.Collect$$libinit$$00000000) refers (Special) to libinit2.o(.ARM.Collect$$libinit$$0000000A) for __rt_lib_init_heap_1
    libinit.o(.ARM.Collect$$libinit$$00000000) refers (Special) to libinit2.o(.ARM.Collect$$libinit$$00000011) for __rt_lib_init_lc_collate_1
    libinit.o(.ARM.Collect$$libinit$$00000000) refers (Special) to libinit2.o(.ARM.Collect$$libinit$$00000013) for __rt_lib_init_lc_ctype_1
    libinit.o(.ARM.Collect$$libinit$$00000000) refers (Special) to libinit2.o(.ARM.Collect$$libinit$$00000015) for __rt_lib_init_lc_monetary_1
    libinit.o(.ARM.Collect$$libinit$$00000000) refers (Special) to libinit2.o(.ARM.Collect$$libinit$$00000017) for __rt_lib_init_lc_numeric_1
    libinit.o(.ARM.Collect$$libinit$$00000000) refers (Special) to libinit2.o(.ARM.Collect$$libinit$$00000019) for __rt_lib_init_lc_time_1
    libinit.o(.ARM.Collect$$libinit$$00000000) refers (Special) to libinit2.o(.ARM.Collect$$libinit$$00000004) for __rt_lib_init_preinit_1
    libinit.o(.ARM.Collect$$libinit$$00000000) refers (Special) to libinit2.o(.ARM.Collect$$libinit$$0000000E) for __rt_lib_init_rand_1
    libinit.o(.ARM.Collect$$libinit$$00000000) refers (Special) to libinit2.o(.ARM.Collect$$libinit$$00000033) for __rt_lib_init_return
    libinit.o(.ARM.Collect$$libinit$$00000000) refers (Special) to libinit2.o(.ARM.Collect$$libinit$$0000001D) for __rt_lib_init_signal_1
    libinit.o(.ARM.Collect$$libinit$$00000000) refers (Special) to libinit2.o(.ARM.Collect$$libinit$$00000025) for __rt_lib_init_stdio_1
    libinit.o(.ARM.Collect$$libinit$$00000000) refers (Special) to libinit2.o(.ARM.Collect$$libinit$$0000000C) for __rt_lib_init_user_alloc_1
    libspace.o(.text) refers to libspace.o(.bss) for __libspace_start
    rtexit.o(.ARM.Collect$$rtexit$$00000000) refers (Special) to rtexit2.o(.ARM.Collect$$rtexit$$00000004) for __rt_exit_exit
    rtexit.o(.ARM.Collect$$rtexit$$00000000) refers (Special) to rtexit2.o(.ARM.Collect$$rtexit$$00000003) for __rt_exit_ls
    rtexit.o(.ARM.Collect$$rtexit$$00000000) refers (Special) to rtexit2.o(.ARM.Collect$$rtexit$$00000002) for __rt_exit_prels_1
    rtexit.o(.ARM.exidx) refers (Special) to rtexit2.o(.ARM.Collect$$rtexit$$00000004) for __rt_exit_exit
    rtexit.o(.ARM.exidx) refers (Special) to rtexit2.o(.ARM.Collect$$rtexit$$00000003) for __rt_exit_ls
    rtexit.o(.ARM.exidx) refers (Special) to rtexit2.o(.ARM.Collect$$rtexit$$00000002) for __rt_exit_prels_1
    rtexit.o(.ARM.exidx) refers to rtexit.o(.ARM.Collect$$rtexit$$00000000) for .ARM.Collect$$rtexit$$00000000
    libinit2.o(.ARM.Collect$$libinit$$00000001) refers to fpinit.o(x$fpl$fpinit) for _fp_init
    libinit2.o(.ARM.Collect$$libinit$$00000010) refers to libinit2.o(.ARM.Collect$$libinit$$0000000F) for .ARM.Collect$$libinit$$0000000F
    libinit2.o(.ARM.Collect$$libinit$$00000012) refers to libinit2.o(.ARM.Collect$$libinit$$0000000F) for .ARM.Collect$$libinit$$0000000F
    libinit2.o(.ARM.Collect$$libinit$$00000014) refers to libinit2.o(.ARM.Collect$$libinit$$0000000F) for .ARM.Collect$$libinit$$0000000F
    libinit2.o(.ARM.Collect$$libinit$$00000016) refers to libinit2.o(.ARM.Collect$$libinit$$0000000F) for .ARM.Collect$$libinit$$0000000F
    libinit2.o(.ARM.Collect$$libinit$$00000018) refers to libinit2.o(.ARM.Collect$$libinit$$0000000F) for .ARM.Collect$$libinit$$0000000F
    libinit2.o(.ARM.Collect$$libinit$$00000026) refers to argv_veneer.o(.emb_text) for __ARM_argv_veneer
    libinit2.o(.ARM.Collect$$libinit$$00000027) refers to argv_veneer.o(.emb_text) for __ARM_argv_veneer
    rtexit2.o(.ARM.Collect$$rtexit$$00000003) refers to libshutdown.o(.ARM.Collect$$libshutdown$$00000000) for __rt_lib_shutdown
    rtexit2.o(.ARM.Collect$$rtexit$$00000004) refers to sys_exit.o(.text) for _sys_exit
    rtexit2.o(.ARM.exidx) refers to rtexit2.o(.ARM.Collect$$rtexit$$00000001) for .ARM.Collect$$rtexit$$00000001
    rtexit2.o(.ARM.exidx) refers to rtexit2.o(.ARM.Collect$$rtexit$$00000003) for .ARM.Collect$$rtexit$$00000003
    rtexit2.o(.ARM.exidx) refers to rtexit2.o(.ARM.Collect$$rtexit$$00000004) for .ARM.Collect$$rtexit$$00000004
    argv_veneer.o(.emb_text) refers to no_argv.o(.text) for __ARM_get_argv
    sys_exit.o(.text) refers (Special) to use_no_semi.o(.text) for __I$use$semihosting
    sys_exit.o(.text) refers (Special) to indicate_semi.o(.text) for __semihosting_library_function
    _get_argv_nomalloc.o(.text) refers (Special) to hrguard.o(.text) for __heap_region$guard
    _get_argv_nomalloc.o(.text) refers to defsig_rtmem_outer.o(.text) for __rt_SIGRTMEM
    _get_argv_nomalloc.o(.text) refers to sys_command.o(.text) for _sys_command_string
    libshutdown.o(.ARM.Collect$$libshutdown$$00000000) refers (Special) to libshutdown2.o(.ARM.Collect$$libshutdown$$00000002) for __rt_lib_shutdown_cpp_1
    libshutdown.o(.ARM.Collect$$libshutdown$$00000000) refers (Special) to libshutdown2.o(.ARM.Collect$$libshutdown$$00000007) for __rt_lib_shutdown_fp_trap_1
    libshutdown.o(.ARM.Collect$$libshutdown$$00000000) refers (Special) to libshutdown2.o(.ARM.Collect$$libshutdown$$0000000F) for __rt_lib_shutdown_heap_1
    libshutdown.o(.ARM.Collect$$libshutdown$$00000000) refers (Special) to libshutdown2.o(.ARM.Collect$$libshutdown$$00000010) for __rt_lib_shutdown_return
    libshutdown.o(.ARM.Collect$$libshutdown$$00000000) refers (Special) to libshutdown2.o(.ARM.Collect$$libshutdown$$0000000A) for __rt_lib_shutdown_signal_1
    libshutdown.o(.ARM.Collect$$libshutdown$$00000000) refers (Special) to libshutdown2.o(.ARM.Collect$$libshutdown$$00000004) for __rt_lib_shutdown_stdio_1
    libshutdown.o(.ARM.Collect$$libshutdown$$00000000) refers (Special) to libshutdown2.o(.ARM.Collect$$libshutdown$$0000000C) for __rt_lib_shutdown_user_alloc_1
    sys_command.o(.text) refers (Special) to use_no_semi.o(.text) for __I$use$semihosting
    sys_command.o(.text) refers (Special) to indicate_semi.o(.text) for __semihosting_library_function
    defsig_rtmem_outer.o(.text) refers to defsig_rtmem_inner.o(.text) for __rt_SIGRTMEM_inner
    defsig_rtmem_outer.o(.text) refers to defsig_exit.o(.text) for __sig_exit
    defsig_rtmem_formal.o(.text) refers to rt_raise.o(.text) for __rt_raise
    rt_raise.o(.text) refers to __raise.o(.text) for __raise
    rt_raise.o(.text) refers to sys_exit.o(.text) for _sys_exit
    defsig_exit.o(.text) refers to sys_exit.o(.text) for _sys_exit
    defsig_rtmem_inner.o(.text) refers to defsig_general.o(.text) for __default_signal_display
    __raise.o(.text) refers to __raise.o(i.__ARM_common_call_via_r2) for __ARM_common_call_via_r2
    __raise.o(.text) refers to defsig.o(CL$$defsig) for __default_signal_handler
    defsig_general.o(.text) refers to sys_wrch.o(.text) for _ttywrch
    sys_wrch.o(.text) refers (Special) to use_no_semi.o(.text) for __I$use$semihosting
    sys_wrch.o(.text) refers (Special) to indicate_semi.o(.text) for __semihosting_library_function
    defsig.o(CL$$defsig) refers to defsig_rtmem_inner.o(.text) for __rt_SIGRTMEM_inner
    defsig_abrt_inner.o(.text) refers to defsig_general.o(.text) for __default_signal_display
    defsig_fpe_inner.o(.text) refers to defsig_general.o(.text) for __default_signal_display
    defsig_rtred_inner.o(.text) refers to defsig_general.o(.text) for __default_signal_display
    defsig_stak_inner.o(.text) refers to defsig_general.o(.text) for __default_signal_display
    defsig_pvfn_inner.o(.text) refers to defsig_general.o(.text) for __default_signal_display
    defsig_cppl_inner.o(.text) refers to defsig_general.o(.text) for __default_signal_display
    defsig_segv_inner.o(.text) refers to defsig_general.o(.text) for __default_signal_display
    defsig_other.o(.text) refers to defsig_general.o(.text) for __default_signal_display


==============================================================================

Removing Unused input sections from the image.

    Removing startup.o(RESET), (272 bytes).
    Removing conecta_k_2023.o(i.test_entrada), (68 bytes).
    Removing conecta_k_2023.o(.constdata), (144 bytes).
    Removing tablero.o(i.tablero_borrar_celda), (128 bytes).
    Removing tablero.o(i.tablero_insertar_celda), (160 bytes).

5 unused section(s) (total 772 bytes) removed from the image.

==============================================================================

Adding Veneers to the image

    Adding AT veneer (8 bytes, Inline) for call to '__rt_lib_init' from __rtentry2.o(.ARM.Collect$$rtentry$$0000000A).
    Adding AT veneer (8 bytes, Inline) for call to '__rt_lib_shutdown' from rtexit2.o(.ARM.Collect$$rtexit$$00000003).
    Adding TA veneer (4 bytes, Inline) for call to '__rt_exit' from exit.o(.text).
    Adding AT veneer (8 bytes, Inline) for call to '_sys_exit' from rtexit2.o(.ARM.Collect$$rtexit$$00000004).

4 Veneer(s) (total 28 bytes) added to the image.

==============================================================================

Image Symbol Table

    Local Symbols

    Symbol Name                              Value     Ov Type        Size  Object(Section)

    !!!main                                  0x00000000   Section        8  __main.o(!!!main)
    ../clib/angel/boardlib.s                 0x00000000   Number         0  boardshut.o ABSOLUTE
    ../clib/angel/boardlib.s                 0x00000000   Number         0  boardinit1.o ABSOLUTE
    ../clib/angel/boardlib.s                 0x00000000   Number         0  boardinit2.o ABSOLUTE
    ../clib/angel/boardlib.s                 0x00000000   Number         0  boardinit3.o ABSOLUTE
    ../clib/angel/handlers.s                 0x00000000   Number         0  __scatter_copy.o ABSOLUTE
    ../clib/angel/handlers.s                 0x00000000   Number         0  __scatter_zi.o ABSOLUTE
    ../clib/angel/kernel.s                   0x00000000   Number         0  __rtentry2.o ABSOLUTE
    ../clib/angel/kernel.s                   0x00000000   Number         0  __rtentry4.o ABSOLUTE
    ../clib/angel/kernel.s                   0x00000000   Number         0  rtexit2.o ABSOLUTE
    ../clib/angel/kernel.s                   0x00000000   Number         0  rtexit.o ABSOLUTE
    ../clib/angel/kernel.s                   0x00000000   Number         0  __rtentry.o ABSOLUTE
    ../clib/angel/rt.s                       0x00000000   Number         0  rt_raise.o ABSOLUTE
    ../clib/angel/scatter.s                  0x00000000   Number         0  __scatter.o ABSOLUTE
    ../clib/angel/startup.s                  0x00000000   Number         0  __main.o ABSOLUTE
    ../clib/angel/sys.s                      0x00000000   Number         0  indicate_semi.o ABSOLUTE
    ../clib/angel/sys.s                      0x00000000   Number         0  sys_stackheap_outer.o ABSOLUTE
    ../clib/angel/sys.s                      0x00000000   Number         0  use_no_semi.o ABSOLUTE
    ../clib/angel/sys.s                      0x00000000   Number         0  libspace.o ABSOLUTE
    ../clib/angel/sysapp.c                   0x00000000   Number         0  sys_exit.o ABSOLUTE
    ../clib/angel/sysapp.c                   0x00000000   Number         0  sys_wrch.o ABSOLUTE
    ../clib/angel/sysapp.c                   0x00000000   Number         0  sys_command.o ABSOLUTE
    ../clib/armsys.c                         0x00000000   Number         0  no_argv.o ABSOLUTE
    ../clib/armsys.c                         0x00000000   Number         0  _get_argv_nomalloc.o ABSOLUTE
    ../clib/armsys.c                         0x00000000   Number         0  argv_veneer.o ABSOLUTE
    ../clib/armsys.c                         0x00000000   Number         0  argv_veneer.o ABSOLUTE
    ../clib/heapalloc.c                      0x00000000   Number         0  hrguard.o ABSOLUTE
    ../clib/heapaux.c                        0x00000000   Number         0  heapauxi.o ABSOLUTE
    ../clib/libinit.s                        0x00000000   Number         0  libshutdown.o ABSOLUTE
    ../clib/libinit.s                        0x00000000   Number         0  libshutdown2.o ABSOLUTE
    ../clib/libinit.s                        0x00000000   Number         0  libinit.o ABSOLUTE
    ../clib/libinit.s                        0x00000000   Number         0  libinit2.o ABSOLUTE
    ../clib/signal.c                         0x00000000   Number         0  defsig_pvfn_inner.o ABSOLUTE
    ../clib/signal.c                         0x00000000   Number         0  defsig_stak_inner.o ABSOLUTE
    ../clib/signal.c                         0x00000000   Number         0  defsig_rtred_inner.o ABSOLUTE
    ../clib/signal.c                         0x00000000   Number         0  defsig_abrt_inner.o ABSOLUTE
    ../clib/signal.c                         0x00000000   Number         0  defsig_general.o ABSOLUTE
    ../clib/signal.c                         0x00000000   Number         0  __raise.o ABSOLUTE
    ../clib/signal.c                         0x00000000   Number         0  defsig_rtmem_formal.o ABSOLUTE
    ../clib/signal.c                         0x00000000   Number         0  defsig_rtmem_outer.o ABSOLUTE
    ../clib/signal.c                         0x00000000   Number         0  defsig_rtmem_inner.o ABSOLUTE
    ../clib/signal.c                         0x00000000   Number         0  defsig_fpe_inner.o ABSOLUTE
    ../clib/signal.c                         0x00000000   Number         0  defsig_other.o ABSOLUTE
    ../clib/signal.c                         0x00000000   Number         0  defsig_segv_inner.o ABSOLUTE
    ../clib/signal.c                         0x00000000   Number         0  defsig_cppl_inner.o ABSOLUTE
    ../clib/signal.c                         0x00000000   Number         0  defsig_exit.o ABSOLUTE
    ../clib/signal.s                         0x00000000   Number         0  defsig.o ABSOLUTE
    ../clib/stdlib.c                         0x00000000   Number         0  exit.o ABSOLUTE
    ../fplib/fpinit.s                        0x00000000   Number         0  fpinit.o ABSOLUTE
    Startup.s                                0x00000000   Number         0  startup.o ABSOLUTE
    conecta_K_2023.c                         0x00000000   Number         0  conecta_k_2023.o ABSOLUTE
    conecta_K_buscar_alineamiento_arm.s      0x00000000   Number         0  conecta_k_buscar_alineamiento_arm.o ABSOLUTE
    conecta_K_buscar_alineamiento_arm_opt.s  0x00000000   Number         0  conecta_k_buscar_alineamiento_arm_opt.o ABSOLUTE
    conecta_K_hay_linea_arm_arm.s            0x00000000   Number         0  conecta_k_hay_linea_arm_arm.o ABSOLUTE
    conecta_K_hay_linea_arm_c.s              0x00000000   Number         0  conecta_k_hay_linea_arm_c.o ABSOLUTE
    dc.s                                     0x00000000   Number         0  dc.o ABSOLUTE
    entrada.c                                0x00000000   Number         0  entrada.o ABSOLUTE
    main.c                                   0x00000000   Number         0  main.o ABSOLUTE
    tablero.c                                0x00000000   Number         0  tablero.o ABSOLUTE
    !!!scatter                               0x00000008   Section       60  __scatter.o(!!!scatter)
    !!handler_copy                           0x00000044   Section       40  __scatter_copy.o(!!handler_copy)
    !!handler_zi                             0x0000006c   Section       44  __scatter_zi.o(!!handler_zi)
    .ARM.Collect$$libinit$$00000000          0x000000a0   Section        2  libinit.o(.ARM.Collect$$libinit$$00000000)
    .ARM.Collect$$libinit$$00000002          0x000000a2   Section        0  libinit2.o(.ARM.Collect$$libinit$$00000002)
    .ARM.Collect$$libinit$$00000004          0x000000a2   Section        0  libinit2.o(.ARM.Collect$$libinit$$00000004)
    .ARM.Collect$$libinit$$0000000A          0x000000a2   Section        0  libinit2.o(.ARM.Collect$$libinit$$0000000A)
    .ARM.Collect$$libinit$$0000000C          0x000000a2   Section        0  libinit2.o(.ARM.Collect$$libinit$$0000000C)
    .ARM.Collect$$libinit$$0000000E          0x000000a2   Section        0  libinit2.o(.ARM.Collect$$libinit$$0000000E)
    .ARM.Collect$$libinit$$00000011          0x000000a2   Section        0  libinit2.o(.ARM.Collect$$libinit$$00000011)
    .ARM.Collect$$libinit$$00000013          0x000000a2   Section        0  libinit2.o(.ARM.Collect$$libinit$$00000013)
    .ARM.Collect$$libinit$$00000015          0x000000a2   Section        0  libinit2.o(.ARM.Collect$$libinit$$00000015)
    .ARM.Collect$$libinit$$00000017          0x000000a2   Section        0  libinit2.o(.ARM.Collect$$libinit$$00000017)
    .ARM.Collect$$libinit$$00000019          0x000000a2   Section        0  libinit2.o(.ARM.Collect$$libinit$$00000019)
    .ARM.Collect$$libinit$$0000001B          0x000000a2   Section        0  libinit2.o(.ARM.Collect$$libinit$$0000001B)
    .ARM.Collect$$libinit$$0000001D          0x000000a2   Section        0  libinit2.o(.ARM.Collect$$libinit$$0000001D)
    .ARM.Collect$$libinit$$0000001F          0x000000a2   Section        0  libinit2.o(.ARM.Collect$$libinit$$0000001F)
    .ARM.Collect$$libinit$$00000021          0x000000a2   Section        0  libinit2.o(.ARM.Collect$$libinit$$00000021)
    .ARM.Collect$$libinit$$00000023          0x000000a2   Section        0  libinit2.o(.ARM.Collect$$libinit$$00000023)
    .ARM.Collect$$libinit$$00000025          0x000000a2   Section        0  libinit2.o(.ARM.Collect$$libinit$$00000025)
    .ARM.Collect$$libinit$$0000002C          0x000000a2   Section        0  libinit2.o(.ARM.Collect$$libinit$$0000002C)
    .ARM.Collect$$libinit$$0000002E          0x000000a2   Section        0  libinit2.o(.ARM.Collect$$libinit$$0000002E)
    .ARM.Collect$$libinit$$00000030          0x000000a2   Section        0  libinit2.o(.ARM.Collect$$libinit$$00000030)
    .ARM.Collect$$libinit$$00000032          0x000000a2   Section        0  libinit2.o(.ARM.Collect$$libinit$$00000032)
    .ARM.Collect$$libinit$$00000033          0x000000a2   Section       12  libinit2.o(.ARM.Collect$$libinit$$00000033)
    .ARM.Collect$$libshutdown$$00000000      0x000000b8   Section        4  libshutdown.o(.ARM.Collect$$libshutdown$$00000000)
    .ARM.Collect$$libshutdown$$00000002      0x000000bc   Section        0  libshutdown2.o(.ARM.Collect$$libshutdown$$00000002)
    .ARM.Collect$$libshutdown$$00000004      0x000000bc   Section        0  libshutdown2.o(.ARM.Collect$$libshutdown$$00000004)
    .ARM.Collect$$libshutdown$$00000007      0x000000bc   Section        0  libshutdown2.o(.ARM.Collect$$libshutdown$$00000007)
    .ARM.Collect$$libshutdown$$0000000A      0x000000bc   Section        0  libshutdown2.o(.ARM.Collect$$libshutdown$$0000000A)
    .ARM.Collect$$libshutdown$$0000000C      0x000000bc   Section        0  libshutdown2.o(.ARM.Collect$$libshutdown$$0000000C)
    .ARM.Collect$$libshutdown$$0000000F      0x000000bc   Section        0  libshutdown2.o(.ARM.Collect$$libshutdown$$0000000F)
    .ARM.Collect$$libshutdown$$00000010      0x000000bc   Section        6  libshutdown2.o(.ARM.Collect$$libshutdown$$00000010)
    .ARM.Collect$$rtentry$$00000000          0x000000c4   Section        0  __rtentry.o(.ARM.Collect$$rtentry$$00000000)
    .ARM.Collect$$rtentry$$00000002          0x000000c4   Section        0  __rtentry2.o(.ARM.Collect$$rtentry$$00000002)
    .ARM.Collect$$rtentry$$00000004          0x000000c4   Section        8  __rtentry4.o(.ARM.Collect$$rtentry$$00000004)
    .ARM.Collect$$rtentry$$00000009          0x000000cc   Section        0  __rtentry2.o(.ARM.Collect$$rtentry$$00000009)
    .ARM.Collect$$rtentry$$0000000A          0x000000cc   Section        4  __rtentry2.o(.ARM.Collect$$rtentry$$0000000A)
    .ARM.Collect$$rtentry$$0000000C          0x000000d0   Section        0  __rtentry2.o(.ARM.Collect$$rtentry$$0000000C)
    .ARM.Collect$$rtentry$$0000000D          0x000000d0   Section       40  __rtentry2.o(.ARM.Collect$$rtentry$$0000000D)
    .ARM.Collect$$rtexit$$00000000           0x000000fc   Section        4  rtexit.o(.ARM.Collect$$rtexit$$00000000)
    .ARM.Collect$$rtexit$$00000002           0x00000100   Section        0  rtexit2.o(.ARM.Collect$$rtexit$$00000002)
    .ARM.Collect$$rtexit$$00000003           0x00000100   Section        4  rtexit2.o(.ARM.Collect$$rtexit$$00000003)
    .ARM.Collect$$rtexit$$00000004           0x00000104   Section        8  rtexit2.o(.ARM.Collect$$rtexit$$00000004)
    .text                                    0x0000010c   Section       32  startup.o(.text)
    .text                                    0x0000012c   Section        0  heapauxi.o(.text)
    .text                                    0x00000134   Section       96  sys_stackheap_outer.o(.text)
    .text                                    0x00000194   Section        0  exit.o(.text)
    .text                                    0x000001a8   Section       12  libspace.o(.text)
    .text                                    0x000001bc   Section        0  sys_exit.o(.text)
    .text                                    0x000001c8   Section        4  use_no_semi.o(.text)
    .text                                    0x000001cc   Section        0  indicate_semi.o(.text)
    codigo                                   0x000001cc   Section      164  conecta_k_buscar_alineamiento_arm.o(codigo)
    codigo                                   0x00000270   Section      192  conecta_k_hay_linea_arm_c.o(codigo)
    codigo                                   0x00000330   Section      192  conecta_k_hay_linea_arm_arm.o(codigo)
    codigo                                   0x000003f0   Section      152  conecta_k_buscar_alineamiento_arm_opt.o(codigo)
    i.conecta_K_buscar_alineamiento_c        0x00000488   Section        0  conecta_k_2023.o(i.conecta_K_buscar_alineamiento_c)
    i.conecta_K_hay_linea_c_arm              0x000004e8   Section        0  conecta_k_2023.o(i.conecta_K_hay_linea_c_arm)
    i.conecta_K_hay_linea_c_c                0x000005d0   Section        0  conecta_k_2023.o(i.conecta_K_hay_linea_c_c)
    i.conecta_K_jugar                        0x000006b8   Section        0  conecta_k_2023.o(i.conecta_K_jugar)
    i.conecta_K_test_cargar_tablero          0x0000079c   Section        0  conecta_k_2023.o(i.conecta_K_test_cargar_tablero)
    i.conecta_K_verificar_K_en_linea         0x000007f8   Section        0  conecta_k_2023.o(i.conecta_K_verificar_K_en_linea)
    i.conecta_K_visualizar_tablero           0x0000087c   Section        0  conecta_k_2023.o(i.conecta_K_visualizar_tablero)
    i.entrada_inicializar                    0x00000914   Section        0  entrada.o(i.entrada_inicializar)
    i.entrada_leer                           0x0000092c   Section        0  entrada.o(i.entrada_leer)
    i.entrada_nueva                          0x00000950   Section        0  entrada.o(i.entrada_nueva)
    i.main                                   0x00000958   Section        0  main.o(i.main)
    i.tablero_buscar_color                   0x00000960   Section        0  tablero.o(i.tablero_buscar_color)
    i.tablero_columna_valida                 0x000009e0   Section        0  tablero.o(i.tablero_columna_valida)
    tablero_columna_valida                   0x000009e0   ARM Code      16  tablero.o(i.tablero_columna_valida)
    i.tablero_fila_valida                    0x000009f0   Section        0  tablero.o(i.tablero_fila_valida)
    tablero_fila_valida                      0x000009f0   ARM Code      16  tablero.o(i.tablero_fila_valida)
    i.tablero_inicializar                    0x00000a00   Section        0  tablero.o(i.tablero_inicializar)
    i.tablero_insertar_color                 0x00000a48   Section        0  tablero.o(i.tablero_insertar_color)
    i.tablero_leer_celda                     0x00000afc   Section        0  tablero.o(i.tablero_leer_celda)
    .data                                    0x40000000   Section       58  conecta_k_2023.o(.data)
    entrada                                  0x40000001   Data           8  conecta_k_2023.o(.data)
    tablero_test                             0x40000009   Data          49  conecta_k_2023.o(.data)
    datos                                    0x4000003c   Section        8  conecta_k_hay_linea_arm_c.o(datos)
    dfila                                    0x4000003c   Data           4  conecta_k_hay_linea_arm_c.o(datos)
    dcolum                                   0x40000040   Data           4  conecta_k_hay_linea_arm_c.o(datos)
    datos                                    0x40000044   Section        8  conecta_k_hay_linea_arm_arm.o(datos)
    dfila                                    0x40000044   Data           4  conecta_k_hay_linea_arm_arm.o(datos)
    dcolum                                   0x40000048   Data           4  conecta_k_hay_linea_arm_arm.o(datos)
    .bss                                     0x4000004c   Section       64  conecta_k_2023.o(.bss)
    salida                                   0x4000004c   Data          64  conecta_k_2023.o(.bss)
    .bss                                     0x4000008c   Section       96  libspace.o(.bss)
    HEAP                                     0x400000f0   Section        0  startup.o(HEAP)
    STACK                                    0x400000f0   Section     1160  startup.o(STACK)
    Heap_Mem                                 0x400000f0   Data           0  startup.o(HEAP)
    Stack_Mem                                0x400000f0   Data        1024  startup.o(STACK)
    Stack_Top                                0x40000578   Data           0  startup.o(STACK)

    Global Symbols

    Symbol Name                              Value     Ov Type        Size  Object(Section)

    BuildAttributes$$THM_ISAv1$ARM_ISAv4$S$PE$A:L22$X:L11$S22$IEEE1$IW$USESV6$~STKCKD$USESV7$~SHL$OSPACE$ROPI$EBA8$UX$STANDARDLIB$REQ8$PRES8$EABIv2 0x00000000   Number         0  anon$$obj.o ABSOLUTE
    __ARM_use_no_argv                        0x00000000   Number         0  main.o ABSOLUTE
    __main                                   0x00000000   ARM Code       8  __main.o(!!!main)
    __ARM_exceptions_init                     - Undefined Weak Reference
    __alloca_initialize                       - Undefined Weak Reference
    __arm_preinit_                            - Undefined Weak Reference
    __cpp_initialize__aeabi_                  - Undefined Weak Reference
    __cxa_finalize                            - Undefined Weak Reference
    __rt_locale                               - Undefined Weak Reference
    __sigvec_lookup                           - Undefined Weak Reference
    _atexit_init                              - Undefined Weak Reference
    _call_atexit_fns                          - Undefined Weak Reference
    _clock_init                               - Undefined Weak Reference
    _fp_trap_init                             - Undefined Weak Reference
    _fp_trap_shutdown                         - Undefined Weak Reference
    _get_lc_collate                           - Undefined Weak Reference
    _get_lc_ctype                             - Undefined Weak Reference
    _get_lc_monetary                          - Undefined Weak Reference
    _get_lc_numeric                           - Undefined Weak Reference
    _get_lc_time                              - Undefined Weak Reference
    _getenv_init                              - Undefined Weak Reference
    _handle_redirection                       - Undefined Weak Reference
    _init_alloc                               - Undefined Weak Reference
    _init_user_alloc                          - Undefined Weak Reference
    _initio                                   - Undefined Weak Reference
    _rand_init                                - Undefined Weak Reference
    _signal_finish                            - Undefined Weak Reference
    _signal_init                              - Undefined Weak Reference
    _terminate_alloc                          - Undefined Weak Reference
    _terminate_user_alloc                     - Undefined Weak Reference
    _terminateio                              - Undefined Weak Reference
    __scatterload                            0x00000008   ARM Code       0  __scatter.o(!!!scatter)
    __scatterload_rt2                        0x00000008   ARM Code      52  __scatter.o(!!!scatter)
    __scatterload_null                       0x0000001c   ARM Code       0  __scatter.o(!!!scatter)
    __scatterload_copy                       0x00000044   ARM Code      40  __scatter_copy.o(!!handler_copy)
    __scatterload_zeroinit                   0x0000006c   ARM Code      44  __scatter_zi.o(!!handler_zi)
    Inline ARM to Thumb Veneer to __rt_lib_init 0x00000098   ARM Code       8  libinit.o(.ARM.Collect$$libinit$$00000000)
    __rt_lib_init                            0x000000a1   Thumb Code     0  libinit.o(.ARM.Collect$$libinit$$00000000)
    __rt_lib_init_alloca_1                   0x000000a3   Thumb Code     0  libinit2.o(.ARM.Collect$$libinit$$0000002E)
    __rt_lib_init_argv_1                     0x000000a3   Thumb Code     0  libinit2.o(.ARM.Collect$$libinit$$0000002C)
    __rt_lib_init_atexit_1                   0x000000a3   Thumb Code     0  libinit2.o(.ARM.Collect$$libinit$$0000001B)
    __rt_lib_init_clock_1                    0x000000a3   Thumb Code     0  libinit2.o(.ARM.Collect$$libinit$$00000021)
    __rt_lib_init_cpp_1                      0x000000a3   Thumb Code     0  libinit2.o(.ARM.Collect$$libinit$$00000032)
    __rt_lib_init_exceptions_1               0x000000a3   Thumb Code     0  libinit2.o(.ARM.Collect$$libinit$$00000030)
    __rt_lib_init_fp_1                       0x000000a3   Thumb Code     0  libinit2.o(.ARM.Collect$$libinit$$00000002)
    __rt_lib_init_fp_trap_1                  0x000000a3   Thumb Code     0  libinit2.o(.ARM.Collect$$libinit$$0000001F)
    __rt_lib_init_getenv_1                   0x000000a3   Thumb Code     0  libinit2.o(.ARM.Collect$$libinit$$00000023)
    __rt_lib_init_heap_1                     0x000000a3   Thumb Code     0  libinit2.o(.ARM.Collect$$libinit$$0000000A)
    __rt_lib_init_lc_collate_1               0x000000a3   Thumb Code     0  libinit2.o(.ARM.Collect$$libinit$$00000011)
    __rt_lib_init_lc_ctype_1                 0x000000a3   Thumb Code     0  libinit2.o(.ARM.Collect$$libinit$$00000013)
    __rt_lib_init_lc_monetary_1              0x000000a3   Thumb Code     0  libinit2.o(.ARM.Collect$$libinit$$00000015)
    __rt_lib_init_lc_numeric_1               0x000000a3   Thumb Code     0  libinit2.o(.ARM.Collect$$libinit$$00000017)
    __rt_lib_init_lc_time_1                  0x000000a3   Thumb Code     0  libinit2.o(.ARM.Collect$$libinit$$00000019)
    __rt_lib_init_preinit_1                  0x000000a3   Thumb Code     0  libinit2.o(.ARM.Collect$$libinit$$00000004)
    __rt_lib_init_rand_1                     0x000000a3   Thumb Code     0  libinit2.o(.ARM.Collect$$libinit$$0000000E)
    __rt_lib_init_return                     0x000000a3   Thumb Code     0  libinit2.o(.ARM.Collect$$libinit$$00000033)
    __rt_lib_init_signal_1                   0x000000a3   Thumb Code     0  libinit2.o(.ARM.Collect$$libinit$$0000001D)
    __rt_lib_init_stdio_1                    0x000000a3   Thumb Code     0  libinit2.o(.ARM.Collect$$libinit$$00000025)
    __rt_lib_init_user_alloc_1               0x000000a3   Thumb Code     0  libinit2.o(.ARM.Collect$$libinit$$0000000C)
    Inline ARM to Thumb Veneer to __rt_lib_shutdown 0x000000b0   ARM Code       8  libshutdown.o(.ARM.Collect$$libshutdown$$00000000)
    __rt_lib_shutdown                        0x000000b9   Thumb Code     0  libshutdown.o(.ARM.Collect$$libshutdown$$00000000)
    __rt_lib_shutdown_cpp_1                  0x000000bd   Thumb Code     0  libshutdown2.o(.ARM.Collect$$libshutdown$$00000002)
    __rt_lib_shutdown_fp_trap_1              0x000000bd   Thumb Code     0  libshutdown2.o(.ARM.Collect$$libshutdown$$00000007)
    __rt_lib_shutdown_heap_1                 0x000000bd   Thumb Code     0  libshutdown2.o(.ARM.Collect$$libshutdown$$0000000F)
    __rt_lib_shutdown_return                 0x000000bd   Thumb Code     0  libshutdown2.o(.ARM.Collect$$libshutdown$$00000010)
    __rt_lib_shutdown_signal_1               0x000000bd   Thumb Code     0  libshutdown2.o(.ARM.Collect$$libshutdown$$0000000A)
    __rt_lib_shutdown_stdio_1                0x000000bd   Thumb Code     0  libshutdown2.o(.ARM.Collect$$libshutdown$$00000004)
    __rt_lib_shutdown_user_alloc_1           0x000000bd   Thumb Code     0  libshutdown2.o(.ARM.Collect$$libshutdown$$0000000C)
    __rt_entry                               0x000000c4   ARM Code       0  __rtentry.o(.ARM.Collect$$rtentry$$00000000)
    __rt_entry_presh_1                       0x000000c4   ARM Code       0  __rtentry2.o(.ARM.Collect$$rtentry$$00000002)
    __rt_entry_sh                            0x000000c4   ARM Code       0  __rtentry4.o(.ARM.Collect$$rtentry$$00000004)
    __rt_entry_li                            0x000000cc   ARM Code       0  __rtentry2.o(.ARM.Collect$$rtentry$$0000000A)
    __rt_entry_postsh_1                      0x000000cc   ARM Code       0  __rtentry2.o(.ARM.Collect$$rtentry$$00000009)
    __rt_entry_main                          0x000000d0   ARM Code       0  __rtentry2.o(.ARM.Collect$$rtentry$$0000000D)
    __rt_entry_postli_1                      0x000000d0   ARM Code       0  __rtentry2.o(.ARM.Collect$$rtentry$$0000000C)
    Inline Thumb to ARM Veneer to __rt_exit  0x000000f9   Thumb Code     4  rtexit.o(.ARM.Collect$$rtexit$$00000000)
    __rt_exit                                0x000000fc   ARM Code       0  rtexit.o(.ARM.Collect$$rtexit$$00000000)
    __rt_exit_ls                             0x00000100   ARM Code       0  rtexit2.o(.ARM.Collect$$rtexit$$00000003)
    __rt_exit_prels_1                        0x00000100   ARM Code       0  rtexit2.o(.ARM.Collect$$rtexit$$00000002)
    __rt_exit_exit                           0x00000104   ARM Code       0  rtexit2.o(.ARM.Collect$$rtexit$$00000004)
    __user_initial_stackheap                 0x0000010c   ARM Code       0  startup.o(.text)
    __use_two_region_memory                  0x0000012d   Thumb Code     2  heapauxi.o(.text)
    __rt_heap_escrow$2region                 0x0000012f   Thumb Code     2  heapauxi.o(.text)
    __rt_heap_expand$2region                 0x00000131   Thumb Code     2  heapauxi.o(.text)
    __user_setup_stackheap                   0x00000134   ARM Code      96  sys_stackheap_outer.o(.text)
    exit                                     0x00000195   Thumb Code    20  exit.o(.text)
    __user_libspace                          0x000001a8   ARM Code      12  libspace.o(.text)
    __user_perproc_libspace                  0x000001a8   ARM Code       0  libspace.o(.text)
    __user_perthread_libspace                0x000001a8   ARM Code       0  libspace.o(.text)
    Inline ARM to Thumb Veneer to _sys_exit  0x000001b4   ARM Code       8  sys_exit.o(.text)
    _sys_exit                                0x000001bd   Thumb Code     8  sys_exit.o(.text)
    __I$use$semihosting                      0x000001c8   ARM Code       0  use_no_semi.o(.text)
    __use_no_semihosting_swi                 0x000001c8   ARM Code       4  use_no_semi.o(.text)
    __semihosting_library_function           0x000001cc   ARM Code       0  indicate_semi.o(.text)
    conecta_K_buscar_alineamiento_arm        0x000001cc   ARM Code       0  conecta_k_buscar_alineamiento_arm.o(codigo)
    conecta_K_hay_linea_arm_c                0x00000270   ARM Code       0  conecta_k_hay_linea_arm_c.o(codigo)
    conecta_K_hay_linea_arm_arm              0x00000330   ARM Code       0  conecta_k_hay_linea_arm_arm.o(codigo)
    conecta_K_buscar_alineamiento_arm_opt    0x000003f0   ARM Code       0  conecta_k_buscar_alineamiento_arm_opt.o(codigo)
    conecta_K_buscar_alineamiento_c          0x00000488   ARM Code      96  conecta_k_2023.o(i.conecta_K_buscar_alineamiento_c)
    conecta_K_hay_linea_c_arm                0x000004e8   ARM Code     224  conecta_k_2023.o(i.conecta_K_hay_linea_c_arm)
    conecta_K_hay_linea_c_c                  0x000005d0   ARM Code     224  conecta_k_2023.o(i.conecta_K_hay_linea_c_c)
    conecta_K_jugar                          0x000006b8   ARM Code     220  conecta_k_2023.o(i.conecta_K_jugar)
    conecta_K_test_cargar_tablero            0x0000079c   ARM Code      88  conecta_k_2023.o(i.conecta_K_test_cargar_tablero)
    conecta_K_verificar_K_en_linea           0x000007f8   ARM Code     132  conecta_k_2023.o(i.conecta_K_verificar_K_en_linea)
    conecta_K_visualizar_tablero             0x0000087c   ARM Code     152  conecta_k_2023.o(i.conecta_K_visualizar_tablero)
    entrada_inicializar                      0x00000914   ARM Code      24  entrada.o(i.entrada_inicializar)
    entrada_leer                             0x0000092c   ARM Code      36  entrada.o(i.entrada_leer)
    entrada_nueva                            0x00000950   ARM Code       8  entrada.o(i.entrada_nueva)
    main                                     0x00000958   ARM Code       8  main.o(i.main)
    tablero_buscar_color                     0x00000960   ARM Code     128  tablero.o(i.tablero_buscar_color)
    tablero_inicializar                      0x00000a00   ARM Code      72  tablero.o(i.tablero_inicializar)
    tablero_insertar_color                   0x00000a48   ARM Code     180  tablero.o(i.tablero_insertar_color)
    tablero_leer_celda                       0x00000afc   ARM Code     116  tablero.o(i.tablero_leer_celda)
    Region$$Table$$Base                      0x00000b70   Number         0  anon$$obj.o(Region$$Table)
    Region$$Table$$Limit                     0x00000b90   Number         0  anon$$obj.o(Region$$Table)
    test_index                               0x40000000   Data           1  conecta_k_2023.o(.data)
    __libspace_start                         0x4000008c   Data          96  libspace.o(.bss)
    __temporary_stack_top$libspace           0x400000ec   Data           0  libspace.o(.bss)



==============================================================================

Memory Map of the image

  Image Entry point : 0x00000000

  Load Region LR_1 (Base: 0x00000000, Size: 0x00000bdc, Max: 0xffffffff, ABSOLUTE)

    Execution Region ER_RO (Exec base: 0x00000000, Load base: 0x00000000, Size: 0x00000b90, Max: 0xffffffff, ABSOLUTE)

    Exec Addr    Load Addr    Size         Type   Attr      Idx    E Section Name        Object

    0x00000000   0x00000000   0x00000008   Code   RO          226  * !!!main             c_t.l(__main.o)
    0x00000008   0x00000008   0x0000003c   Code   RO          385    !!!scatter          c_t.l(__scatter.o)
    0x00000044   0x00000044   0x00000028   Code   RO          387    !!handler_copy      c_t.l(__scatter_copy.o)
    0x0000006c   0x0000006c   0x0000002c   Code   RO          389    !!handler_zi        c_t.l(__scatter_zi.o)
    0x00000098   0x00000098   0x00000008   Ven    RO          253    .ARM.Collect$$libinit$$00000000  c_t.l(libinit.o)
    0x000000a0   0x000000a0   0x00000002   Code   RO          253    .ARM.Collect$$libinit$$00000000  c_t.l(libinit.o)
    0x000000a2   0x000000a2   0x00000000   Code   RO          260    .ARM.Collect$$libinit$$00000002  c_t.l(libinit2.o)
    0x000000a2   0x000000a2   0x00000000   Code   RO          262    .ARM.Collect$$libinit$$00000004  c_t.l(libinit2.o)
    0x000000a2   0x000000a2   0x00000000   Code   RO          265    .ARM.Collect$$libinit$$0000000A  c_t.l(libinit2.o)
    0x000000a2   0x000000a2   0x00000000   Code   RO          267    .ARM.Collect$$libinit$$0000000C  c_t.l(libinit2.o)
    0x000000a2   0x000000a2   0x00000000   Code   RO          269    .ARM.Collect$$libinit$$0000000E  c_t.l(libinit2.o)
    0x000000a2   0x000000a2   0x00000000   Code   RO          272    .ARM.Collect$$libinit$$00000011  c_t.l(libinit2.o)
    0x000000a2   0x000000a2   0x00000000   Code   RO          274    .ARM.Collect$$libinit$$00000013  c_t.l(libinit2.o)
    0x000000a2   0x000000a2   0x00000000   Code   RO          276    .ARM.Collect$$libinit$$00000015  c_t.l(libinit2.o)
    0x000000a2   0x000000a2   0x00000000   Code   RO          278    .ARM.Collect$$libinit$$00000017  c_t.l(libinit2.o)
    0x000000a2   0x000000a2   0x00000000   Code   RO          280    .ARM.Collect$$libinit$$00000019  c_t.l(libinit2.o)
    0x000000a2   0x000000a2   0x00000000   Code   RO          282    .ARM.Collect$$libinit$$0000001B  c_t.l(libinit2.o)
    0x000000a2   0x000000a2   0x00000000   Code   RO          284    .ARM.Collect$$libinit$$0000001D  c_t.l(libinit2.o)
    0x000000a2   0x000000a2   0x00000000   Code   RO          286    .ARM.Collect$$libinit$$0000001F  c_t.l(libinit2.o)
    0x000000a2   0x000000a2   0x00000000   Code   RO          288    .ARM.Collect$$libinit$$00000021  c_t.l(libinit2.o)
    0x000000a2   0x000000a2   0x00000000   Code   RO          290    .ARM.Collect$$libinit$$00000023  c_t.l(libinit2.o)
    0x000000a2   0x000000a2   0x00000000   Code   RO          292    .ARM.Collect$$libinit$$00000025  c_t.l(libinit2.o)
    0x000000a2   0x000000a2   0x00000000   Code   RO          296    .ARM.Collect$$libinit$$0000002C  c_t.l(libinit2.o)
    0x000000a2   0x000000a2   0x00000000   Code   RO          298    .ARM.Collect$$libinit$$0000002E  c_t.l(libinit2.o)
    0x000000a2   0x000000a2   0x00000000   Code   RO          300    .ARM.Collect$$libinit$$00000030  c_t.l(libinit2.o)
    0x000000a2   0x000000a2   0x00000000   Code   RO          302    .ARM.Collect$$libinit$$00000032  c_t.l(libinit2.o)
    0x000000a2   0x000000a2   0x0000000c   Code   RO          303    .ARM.Collect$$libinit$$00000033  c_t.l(libinit2.o)
    0x000000ae   0x000000ae   0x00000002   PAD
    0x000000b0   0x000000b0   0x00000008   Ven    RO          323    .ARM.Collect$$libshutdown$$00000000  c_t.l(libshutdown.o)
    0x000000b8   0x000000b8   0x00000004   Code   RO          323    .ARM.Collect$$libshutdown$$00000000  c_t.l(libshutdown.o)
    0x000000bc   0x000000bc   0x00000000   Code   RO          336    .ARM.Collect$$libshutdown$$00000002  c_t.l(libshutdown2.o)
    0x000000bc   0x000000bc   0x00000000   Code   RO          338    .ARM.Collect$$libshutdown$$00000004  c_t.l(libshutdown2.o)
    0x000000bc   0x000000bc   0x00000000   Code   RO          341    .ARM.Collect$$libshutdown$$00000007  c_t.l(libshutdown2.o)
    0x000000bc   0x000000bc   0x00000000   Code   RO          344    .ARM.Collect$$libshutdown$$0000000A  c_t.l(libshutdown2.o)
    0x000000bc   0x000000bc   0x00000000   Code   RO          346    .ARM.Collect$$libshutdown$$0000000C  c_t.l(libshutdown2.o)
    0x000000bc   0x000000bc   0x00000000   Code   RO          349    .ARM.Collect$$libshutdown$$0000000F  c_t.l(libshutdown2.o)
    0x000000bc   0x000000bc   0x00000006   Code   RO          350    .ARM.Collect$$libshutdown$$00000010  c_t.l(libshutdown2.o)
    0x000000c2   0x000000c2   0x00000002   PAD
    0x000000c4   0x000000c4   0x00000000   Code   RO          228    .ARM.Collect$$rtentry$$00000000  c_t.l(__rtentry.o)
    0x000000c4   0x000000c4   0x00000000   Code   RO          230    .ARM.Collect$$rtentry$$00000002  c_t.l(__rtentry2.o)
    0x000000c4   0x000000c4   0x00000008   Code   RO          242    .ARM.Collect$$rtentry$$00000004  c_t.l(__rtentry4.o)
    0x000000cc   0x000000cc   0x00000000   Code   RO          232    .ARM.Collect$$rtentry$$00000009  c_t.l(__rtentry2.o)
    0x000000cc   0x000000cc   0x00000004   Code   RO          233    .ARM.Collect$$rtentry$$0000000A  c_t.l(__rtentry2.o)
    0x000000d0   0x000000d0   0x00000000   Code   RO          235    .ARM.Collect$$rtentry$$0000000C  c_t.l(__rtentry2.o)
    0x000000d0   0x000000d0   0x00000028   Code   RO          236    .ARM.Collect$$rtentry$$0000000D  c_t.l(__rtentry2.o)
    0x000000f8   0x000000f8   0x00000004   Ven    RO          257    .ARM.Collect$$rtexit$$00000000  c_t.l(rtexit.o)
    0x000000fc   0x000000fc   0x00000004   Code   RO          257    .ARM.Collect$$rtexit$$00000000  c_t.l(rtexit.o)
    0x00000100   0x00000100   0x00000000   Code   RO          305    .ARM.Collect$$rtexit$$00000002  c_t.l(rtexit2.o)
    0x00000100   0x00000100   0x00000004   Code   RO          306    .ARM.Collect$$rtexit$$00000003  c_t.l(rtexit2.o)
    0x00000104   0x00000104   0x00000008   Code   RO          307    .ARM.Collect$$rtexit$$00000004  c_t.l(rtexit2.o)
    0x0000010c   0x0000010c   0x00000020   Code   RO            4    .text               startup.o
    0x0000012c   0x0000012c   0x00000006   Code   RO          224    .text               c_t.l(heapauxi.o)
    0x00000132   0x00000132   0x00000002   PAD
    0x00000134   0x00000134   0x00000060   Code   RO          244    .text               c_t.l(sys_stackheap_outer.o)
    0x00000194   0x00000194   0x00000014   Code   RO          246    .text               c_t.l(exit.o)
    0x000001a8   0x000001a8   0x0000000c   Code   RO          254    .text               c_t.l(libspace.o)
    0x000001b4   0x000001b4   0x00000008   Ven    RO          315    .text               c_t.l(sys_exit.o)
    0x000001bc   0x000001bc   0x0000000c   Code   RO          315    .text               c_t.l(sys_exit.o)
    0x000001c8   0x000001c8   0x00000004   Code   RO          326    .text               c_t.l(use_no_semi.o)
    0x000001cc   0x000001cc   0x00000000   Code   RO          328    .text               c_t.l(indicate_semi.o)
    0x000001cc   0x000001cc   0x000000a4   Code   RO           11    codigo              conecta_k_buscar_alineamiento_arm.o
    0x00000270   0x00000270   0x000000c0   Code   RO           15    codigo              conecta_k_hay_linea_arm_c.o
    0x00000330   0x00000330   0x000000c0   Code   RO           19    codigo              conecta_k_hay_linea_arm_arm.o
    0x000003f0   0x000003f0   0x00000098   Code   RO           22    codigo              conecta_k_buscar_alineamiento_arm_opt.o
    0x00000488   0x00000488   0x00000060   Code   RO           25    i.conecta_K_buscar_alineamiento_c  conecta_k_2023.o
    0x000004e8   0x000004e8   0x000000e8   Code   RO           26    i.conecta_K_hay_linea_c_arm  conecta_k_2023.o
    0x000005d0   0x000005d0   0x000000e8   Code   RO           27    i.conecta_K_hay_linea_c_c  conecta_k_2023.o
    0x000006b8   0x000006b8   0x000000e4   Code   RO           28    i.conecta_K_jugar   conecta_k_2023.o
    0x0000079c   0x0000079c   0x0000005c   Code   RO           29    i.conecta_K_test_cargar_tablero  conecta_k_2023.o
    0x000007f8   0x000007f8   0x00000084   Code   RO           30    i.conecta_K_verificar_K_en_linea  conecta_k_2023.o
    0x0000087c   0x0000087c   0x00000098   Code   RO           31    i.conecta_K_visualizar_tablero  conecta_k_2023.o
    0x00000914   0x00000914   0x00000018   Code   RO          134    i.entrada_inicializar  entrada.o
    0x0000092c   0x0000092c   0x00000024   Code   RO          135    i.entrada_leer      entrada.o
    0x00000950   0x00000950   0x00000008   Code   RO          136    i.entrada_nueva     entrada.o
    0x00000958   0x00000958   0x00000008   Code   RO          116    i.main              main.o
    0x00000960   0x00000960   0x00000080   Code   RO          159    i.tablero_buscar_color  tablero.o
    0x000009e0   0x000009e0   0x00000010   Code   RO          160    i.tablero_columna_valida  tablero.o
    0x000009f0   0x000009f0   0x00000010   Code   RO          161    i.tablero_fila_valida  tablero.o
    0x00000a00   0x00000a00   0x00000048   Code   RO          162    i.tablero_inicializar  tablero.o
    0x00000a48   0x00000a48   0x000000b4   Code   RO          164    i.tablero_insertar_color  tablero.o
    0x00000afc   0x00000afc   0x00000074   Code   RO          165    i.tablero_leer_celda  tablero.o
    0x00000b70   0x00000b70   0x00000020   Data   RO          383    Region$$Table       anon$$obj.o


    Execution Region ER_RW (Exec base: 0x40000000, Load base: 0x00000b90, Size: 0x0000004c, Max: 0xffffffff, ABSOLUTE)

    Exec Addr    Load Addr    Size         Type   Attr      Idx    E Section Name        Object

    0x40000000   0x00000b90   0x0000003a   Data   RW           35    .data               conecta_k_2023.o
    0x4000003a   0x00000bca   0x00000002   PAD
    0x4000003c   0x00000bcc   0x00000008   Data   RW           14    datos               conecta_k_hay_linea_arm_c.o
    0x40000044   0x00000bd4   0x00000008   Data   RW           18    datos               conecta_k_hay_linea_arm_arm.o


    Execution Region ER_ZI (Exec base: 0x4000004c, Load base: 0x00000bdc, Size: 0x0000052c, Max: 0xffffffff, ABSOLUTE)

    Exec Addr    Load Addr    Size         Type   Attr      Idx    E Section Name        Object

    0x4000004c        -       0x00000040   Zero   RW           33    .bss                conecta_k_2023.o
    0x4000008c        -       0x00000060   Zero   RW          255    .bss                c_t.l(libspace.o)
    0x400000ec   0x00000bdc   0x00000004   PAD
    0x400000f0        -       0x00000000   Zero   RW            2    HEAP                startup.o
    0x400000f0        -       0x00000488   Zero   RW            1    STACK               startup.o


==============================================================================

Image component sizes


      Code (inc. data)   RO Data    RW Data    ZI Data      Debug   Object Name

      1164         28          0         58         64      13033   conecta_k_2023.o
       164          0          0          0          0        324   conecta_k_buscar_alineamiento_arm.o
       152          0          0          0          0        328   conecta_k_buscar_alineamiento_arm_opt.o
       192          8          0          8          0        316   conecta_k_hay_linea_arm_arm.o
       192          8          0          8          0        312   conecta_k_hay_linea_arm_c.o
        68          0          0          0          0       1833   entrada.o
         8          0          0          0          0        399   main.o
        32         12          0          0       1160        268   startup.o
       528          0          0          0          0       6267   tablero.o

    ----------------------------------------------------------------------
      2500         56         32         76       1224      23080   Object Totals
         0          0         32          0          0          0   (incl. Generated)
         0          0          0          2          0          0   (incl. Padding)

    ----------------------------------------------------------------------

      Code (inc. data)   RO Data    RW Data    ZI Data      Debug   Library Member Name

         8          0          0          0          0         68   __main.o
         0          0          0          0          0          0   __rtentry.o
        44          4          0          0          0          0   __rtentry2.o
         8          0          0          0          0          0   __rtentry4.o
        60          8          0          0          0          0   __scatter.o
        40          0          0          0          0          0   __scatter_copy.o
        44          0          0          0          0          0   __scatter_zi.o
        20          0          0          0          0         80   exit.o
         6          0          0          0          0        136   heapauxi.o
         0          0          0          0          0          0   indicate_semi.o
        10          0          0          0          0          0   libinit.o
        12          0          0          0          0          0   libinit2.o
        12          0          0          0          0          0   libshutdown.o
         6          0          0          0          0          0   libshutdown2.o
        12          4          0          0         96         68   libspace.o
         8          0          0          0          0          0   rtexit.o
        12          0          0          0          0          0   rtexit2.o
        20          4          0          0          0         60   sys_exit.o
        96          0          0          0          0         80   sys_stackheap_outer.o
         4          0          0          0          0         68   use_no_semi.o

    ----------------------------------------------------------------------
       428         20          0          0        100        560   Library Totals
         6          0          0          0          4          0   (incl. Padding)

    ----------------------------------------------------------------------

      Code (inc. data)   RO Data    RW Data    ZI Data      Debug   Library Name

       422         20          0          0         96        560   c_t.l

    ----------------------------------------------------------------------
       428         20          0          0        100        560   Library Totals

    ----------------------------------------------------------------------

==============================================================================


      Code (inc. data)   RO Data    RW Data    ZI Data      Debug   

      2928         76         32         76       1324      22872   Grand Totals
      2928         76         32         76       1324      22872   ELF Image Totals
      2928         76         32         76          0          0   ROM Totals

==============================================================================

    Total RO  Size (Code + RO Data)                 2960 (   2.89kB)
    Total RW  Size (RW Data + ZI Data)              1400 (   1.37kB)
    Total ROM Size (Code + RO Data + RW Data)       3036 (   2.96kB)

==============================================================================

