


ARM Macro Assembler    Page 1 


    1 00000000                 AREA             codigo, CODE, READONLY
    2 00000000                 PRESERVE8
    3 00000000                 EXPORT           conecta_K_buscar_alineamiento_a
rm
    4 00000000         
    5 00000000         conecta_K_buscar_alineamiento_arm
    6 00000000 E1A0C00D        mov              ip, sp
    7 00000004 E92D49F0        stmdb            r13!, {r4-r8, fp, lr}
    8 00000008 E24CB004        sub              fp, ip, #4
    9 0000000C         ; comprobamos si la fila es v?lida
   10 0000000C E3510000        cmp              r1, #0
   11 00000010 BA000020        blt              fin         ; si fila < 0
   12 00000014 E3510007        cmp              r1, #7
   13 00000018 CA00001E        bgt              fin         ; si fila > 7
   14 0000001C         ; comprobamos si la columna es v?lida
   15 0000001C E3520000        cmp              r2, #0
   16 00000020 BA00001C        blt              fin         ; si columna < 1
   17 00000024 E3520007        cmp              r2, #7
   18 00000028 CA00001A        bgt              fin         ; si columna > 7
   19 0000002C         ; si la celda se encuentra en el tablero, obtenemos su v
                       alor
   20 0000002C E3A08000        mov              r8,#0       ; inicializamos r8 
                                                            a 0 (contador)
   21 00000030         bucle
   22 00000030 E3580006        cmp              r8,#6
   23 00000034 0A000017        beq              fin
   24 00000038 E0816081        add              r6,r1,r1,LSL #1
   25 0000003C E0807086        add              r7,r0,r6,LSL #1
   26 00000040 E7D77008        ldrb             r7,[r7,r8]
   27 00000044 E2888001        add              r8,r8,#1    ;cont++
   28 00000048         ; comprobamos si esta tu celda
   29 00000048 E1570002        cmp              r7,r2
   30 0000004C 1AFFFFF7        bne              bucle
   31 00000050 E2488001        sub              r8,r8,#1    ; cont-- para recup
                                                            erar el valor corre
                                                            cto
   32 00000054 E0816081        add              r6,r1,r1,LSL #1
   33 00000058 E280702A        add              r7,r0,#0x0000002A ;buscar en la
                                                             parte de abajo del
                                                             tablero (donde se 
                                                            indexan los colores
                                                            )
   34 0000005C E0877086        add              r7,r7,r6,LSL #1
   35 00000060 E7D77008        ldrb             r7,[r7,r8]  ; valor del color
   36 00000064 E2077003        and              r7,r7,#0x03
   37 00000068 E1570003        cmp              r7,r3       ;comparamos el colo
                                                            r con el parametro
   38 0000006C 1A000009        bne              fin
   39 00000070 E1DB40D4        ldrsb            r4, [fp, #4] ; r4 - deltas_fila
                                                            [i]
   40 00000074 E0811004        add              r1, r1, r4  ; r1 - fila + delta
                                                            s_fila[i]
   41 00000078 E1DB50D8        ldrsb            r5, [fp, #8] ; r5 - deltas_colu
                                                            mna[i]
   42 0000007C E0822005        add              r2, r2, r5  ; r2 - columna + de
                                                            ltas_columna[i]
   43 00000080 E92D0030        stmdb            r13!, {r4-r5} ; se apilan los d
                                                            eltas para la sigui
                                                            ente llamada recurs



ARM Macro Assembler    Page 2 


                                                            iva
   44 00000084 EBFFFFFE        bl               conecta_K_buscar_alineamiento_a
rm
   45 00000088 E28DD008        add              sp, sp, #8
   46 0000008C E2800001        add              r0, r0, #1  ; r0 - r0 + 1 (retu
                                                            rn 1 + resultado fu
                                                            nci?n)
   47 00000090 E8BD49F0        ldmia            r13!, {r4-r8, fp, lr}
   48 00000094 E12FFF1E        bx               r14
   49 00000098         fin
   50 00000098 E3A00000        mov              r0, #0      ; r0 - 0 (return 0)
                                                            
   51 0000009C E8BD49F0        ldmia            r13!, {r4-r8, fp, lr}
   52 000000A0 E12FFF1E        bx               r14
   53 000000A4                 END
Command Line: --debug --xref --diag_suppress=9931 --apcs=interwork --depend=.\o
bjects\conecta_k_buscar_alineamiento_arm.d -o.\objects\conecta_k_buscar_alineam
iento_arm.o -IC:\Keil_v5\ARM\RV31\INC -IC:\Keil_v5\ARM\CMSIS\Include -IC:\Keil_
v5\ARM\INC\Philips --predefine="__EVAL SETA 1" --predefine="__UVISION_VERSION S
ETA 526" --list=.\listings\conecta_k_buscar_alineamiento_arm.lst conecta_K_busc
ar_alineamiento_arm.s



ARM Macro Assembler    Page 1 Alphabetic symbol ordering
Relocatable symbols

bucle 00000030

Symbol: bucle
   Definitions
      At line 21 in file conecta_K_buscar_alineamiento_arm.s
   Uses
      At line 30 in file conecta_K_buscar_alineamiento_arm.s
Comment: bucle used once
codigo 00000000

Symbol: codigo
   Definitions
      At line 1 in file conecta_K_buscar_alineamiento_arm.s
   Uses
      None
Comment: codigo unused
conecta_K_buscar_alineamiento_arm 00000000

Symbol: conecta_K_buscar_alineamiento_arm
   Definitions
      At line 5 in file conecta_K_buscar_alineamiento_arm.s
   Uses
      At line 3 in file conecta_K_buscar_alineamiento_arm.s
      At line 44 in file conecta_K_buscar_alineamiento_arm.s

fin 00000098

Symbol: fin
   Definitions
      At line 49 in file conecta_K_buscar_alineamiento_arm.s
   Uses
      At line 11 in file conecta_K_buscar_alineamiento_arm.s
      At line 13 in file conecta_K_buscar_alineamiento_arm.s
      At line 16 in file conecta_K_buscar_alineamiento_arm.s
      At line 18 in file conecta_K_buscar_alineamiento_arm.s
      At line 23 in file conecta_K_buscar_alineamiento_arm.s
      At line 38 in file conecta_K_buscar_alineamiento_arm.s

4 symbols
336 symbols in table
