


ARM Macro Assembler    Page 1 


    1 00000000                 AREA             datos, DATA, READWRITE
    2 00000000 00 FF FF 
              01       dfila   DCB              0x00, 0xFF, 0xFF, 0x01
    3 00000004 FF 00 FF 
              FF       dcolum  DCB              0xFF, 0x00, 0xFF, 0xFF
    4 00000008 00000004 
                       ksize   EQU              0x4
    5 00000008                 AREA             codigo, CODE, READONLY
    6 00000000                 PRESERVE8
    7 00000000                 IMPORT           conecta_K_buscar_alineamiento_a
rm_opt
    8 00000000                 EXPORT           conecta_K_hay_linea_arm_arm
    9 00000000         
   10 00000000         conecta_K_hay_linea_arm_arm
   11 00000000 E1A0C00D        mov              ip, sp
   12 00000004 E92D4FF0        stmdb            r13!, {r4-r10, fp, lr}
   13 00000008 E24CB004        sub              fp, ip, #4
   14 0000000C         ; copia de parámetros
   15 0000000C E1A04000        mov              r4, r0      ; r4  cuadricula
   16 00000010 E1A05001        mov              r5, r1      ; r5  fila
   17 00000014 E1A06002        mov              r6, r2      ; r6  columna
   18 00000018 E1A07003        mov              r7, r3      ; r7  color
   19 0000001C         ; variables locales
   20 0000001C         ; mov r12 ,#4 ; r12  K_size = 4   no me deja pq r11 esta
                        reservado para el fp
   21 0000001C         ; mov r11, #4; r11  numDeltas = 4
   22 0000001C E3A08000        mov              r8, #0      ; r8  i = 0
   23 00000020 E3A09000        mov              r9, #0      ; r9  linea = FALSE
                                                            
   24 00000024 E3A0A000        mov              r10, #0     ; r10  long_linea =
                                                             0
   25 00000028         ini_bucle
   26 00000028 E3580004        cmp              r8, #4      ; i < numDeltas
   27 0000002C CA00001E        bgt              fin
   28 00000030 E3590001        cmp              r9, #1      ; linea == True
   29 00000034 0A00001C        beq              fin
   30 00000038 E59F0078        ldr              r0, =dfila  ; r0  dfila
   31 0000003C E19010D8        ldrsb            r1, [r0, r8] ; r1  dfila[i]
   32 00000040 E59F0074        ldr              r0, =dcolum ; r1  dcolum
   33 00000044 E19020D8        ldrsb            r2, [r0, r8] ; r2  dcolum[i]
   34 00000048 E92D0006        stmdb            r13!,{r1-r2} ; apilamos dfila[i
                                                            ] y dcolum[i] para 
                                                            la siguiente llamda
                                                             de buscar_alineami
                                                            ento
   35 0000004C E1A00004        mov              r0, r4      ; r0  cuadricula
   36 00000050 E1A01005        mov              r1, r5      ;  r1  fila
   37 00000054 E1A02006        mov              r2, r6      ;  r2  columna
   38 00000058 E1A03007        mov              r3, r7      ;  r3  color
   39 0000005C EBFFFFFE        bl               conecta_K_buscar_alineamiento_a
rm_opt
   40 00000060 E8BD0006        ldmia            r13!,{r1-r2} ; desapilamos dfil
                                                            a[i] y dcolum[i]
   41 00000064 E1A0A000        mov              r10, r0     ; long_linea = long
                                                            _linea + long_linea
                                                            _actual
   42 00000068 E35A0004        cmp              r10, #ksize ; long_linea == K_s
                                                            ize
   43 0000006C A3A09001        movge            r9, #1      ; linea = True



ARM Macro Assembler    Page 2 


   44 00000070 AA00000D        bge              fin
   45 00000074 E2611000        rsb              r1 ,r1, #0  ; dfila[i] = -dfila
                                                            [i]
   46 00000078 E2622000        rsb              r2 ,r2, #0  ; dcolum[i] = -dcol
                                                            um[i]
   47 0000007C E92D0006        stmdb            r13!,{r1-r2} ; apilamos -dfila[
                                                            i] y -dcolum[i] par
                                                            a la siguiente llam
                                                            da de buscar_alinea
                                                            miento
   48 00000080 E1A00004        mov              r0, r4      ; r0 cuadricula
   49 00000084 E0851001        add              r1, r5, r1  ; r1  fila + (-delt
                                                            as_fila[i])
   50 00000088 E0862002        add              r2, r6, r2  ; r2  columna + (-d
                                                            eltas_columna[i])
   51 0000008C E1A03007        mov              r3, r7      ;  r3  color (PROBA
                                                            R A QUITARLO)
   52 00000090 EBFFFFFE        bl               conecta_K_buscar_alineamiento_a
rm_opt 
                                                            ; llamada con la in
                                                            versa
   53 00000094 E8BD0006        ldmia            r13!,{r1-r2} ; desapilamos dfil
                                                            a[i] y dcolum[i]
   54 00000098 E08AA000        add              r10, r10, r0 ; long_linea = lon
                                                            g_linea + long_line
                                                            a_actual
   55 0000009C E35A0004        cmp              r10, #4     ; long_linea == K_s
                                                            ize
   56 000000A0 A3A09001        movge            r9, #1      ; linea = True
   57 000000A4 E2888001        add              r8, r8, #1  ; i = i + 1
   58 000000A8 EAFFFFDE        b                ini_bucle
   59 000000AC         fin
   60 000000AC E1A00009        mov              r0, r9      ; r0  linea
   61 000000B0 E8BD4FF0        ldmia            r13!, {r4-r10, fp, lr}
   62 000000B4 E12FFF1E        bx               r14
   63 000000B8                 END
              00000000 
              00000000 
Command Line: --debug --xref --diag_suppress=9931 --apcs=interwork --depend=.\o
bjects\conecta_k_hay_linea_arm_arm.d -o.\objects\conecta_k_hay_linea_arm_arm.o 
-IC:\Keil_v5\ARM\RV31\INC -IC:\Keil_v5\ARM\CMSIS\Include -IC:\Keil_v5\ARM\INC\P
hilips --predefine="__EVAL SETA 1" --predefine="__UVISION_VERSION SETA 526" --l
ist=.\listings\conecta_k_hay_linea_arm_arm.lst conecta_K_hay_linea_arm_arm.s



ARM Macro Assembler    Page 1 Alphabetic symbol ordering
Relocatable symbols

datos 00000000

Symbol: datos
   Definitions
      At line 1 in file conecta_K_hay_linea_arm_arm.s
   Uses
      None
Comment: datos unused
dcolum 00000004

Symbol: dcolum
   Definitions
      At line 3 in file conecta_K_hay_linea_arm_arm.s
   Uses
      At line 32 in file conecta_K_hay_linea_arm_arm.s
Comment: dcolum used once
dfila 00000000

Symbol: dfila
   Definitions
      At line 2 in file conecta_K_hay_linea_arm_arm.s
   Uses
      At line 30 in file conecta_K_hay_linea_arm_arm.s
Comment: dfila used once
3 symbols



ARM Macro Assembler    Page 1 Alphabetic symbol ordering
Relocatable symbols

codigo 00000000

Symbol: codigo
   Definitions
      At line 5 in file conecta_K_hay_linea_arm_arm.s
   Uses
      None
Comment: codigo unused
conecta_K_hay_linea_arm_arm 00000000

Symbol: conecta_K_hay_linea_arm_arm
   Definitions
      At line 10 in file conecta_K_hay_linea_arm_arm.s
   Uses
      At line 8 in file conecta_K_hay_linea_arm_arm.s
Comment: conecta_K_hay_linea_arm_arm used once
fin 000000AC

Symbol: fin
   Definitions
      At line 59 in file conecta_K_hay_linea_arm_arm.s
   Uses
      At line 27 in file conecta_K_hay_linea_arm_arm.s
      At line 29 in file conecta_K_hay_linea_arm_arm.s
      At line 44 in file conecta_K_hay_linea_arm_arm.s

ini_bucle 00000028

Symbol: ini_bucle
   Definitions
      At line 25 in file conecta_K_hay_linea_arm_arm.s
   Uses
      At line 58 in file conecta_K_hay_linea_arm_arm.s
Comment: ini_bucle used once
4 symbols



ARM Macro Assembler    Page 1 Alphabetic symbol ordering
Absolute symbols

ksize 00000004

Symbol: ksize
   Definitions
      At line 4 in file conecta_K_hay_linea_arm_arm.s
   Uses
      At line 42 in file conecta_K_hay_linea_arm_arm.s
Comment: ksize used once
1 symbol



ARM Macro Assembler    Page 1 Alphabetic symbol ordering
External symbols

conecta_K_buscar_alineamiento_arm_opt 00000000

Symbol: conecta_K_buscar_alineamiento_arm_opt
   Definitions
      At line 7 in file conecta_K_hay_linea_arm_arm.s
   Uses
      At line 39 in file conecta_K_hay_linea_arm_arm.s
      At line 52 in file conecta_K_hay_linea_arm_arm.s

1 symbol
343 symbols in table
