<html>
<body>
<pre>
<h1>µVision Build Log</h1>
<h2>Tool Versions:</h2>
IDE-Version: µVision V5.26.2.0
Copyright (C) 2018 ARM Ltd and ARM Germany GmbH. All rights reserved.
License Information: Andres Yu, Universidad de Zaragoza, LIC=----
 
Tool Versions:
Toolchain:       MDK-Lite  Version: 5.26.2.0
Toolchain Path:  C:\Keil_v5\ARM\ARMCC\Bin
C Compiler:      Armcc.exe V5.06 update 6 (build 750)
Assembler:       Armasm.exe V5.06 update 6 (build 750)
Linker/Locator:  ArmLink.exe V5.06 update 6 (build 750)
Library Manager: ArmAr.exe V5.06 update 6 (build 750)
Hex Converter:   FromElf.exe V5.06 update 6 (build 750)
CPU DLL:         SARM.DLL V5.26.2.0
Dialog DLL:      DARMP.DLL V1.53.0.0
Target DLL:      UL2ARM.DLL V1.74.10.0
Dialog DLL:      TARMP.DLL V1.53.0.0
 
<h2>Project:</h2>
C:\Users\andre\Documents\University\ProyectoHardware\practica3\keil_reversi.uvproj
Project File Date:  12/06/2023

<h2>Output:</h2>
*** Using Compiler 'V5.06 update 6 (build 750)', folder: 'C:\Keil_v5\ARM\ARMCC\Bin'
Rebuild target 'Simulator'
assembling Startup.s...
compiling gestor_energia.c...
compiling cola.c...
compiling Retarget.c...
compiling visualizar.c...
compiling power.c...
compiling hello_world.c...
compiling timer_drv.c...
compiling timer_hal.c...
compiling int_externas_hal.c...
compiling main.c...
compiling planificador.c...
compiling alarmas.c...
assembling SWI.s...
assembling SWI_Table.s...
compiling botones.c...
compiling wd.c...
compiling linea_serie_hal.c...
compiling tablero.c...
compiling linea_serie_drv.c...
compiling juego.c...
linking...
Program Size: Code=15332 RO-data=1020 RW-data=356 ZI-data=3516  
".\keil_reversi.axf" - 0 Error(s), 0 Warning(s).
Build Time Elapsed:  00:00:01
</pre>
</body>
</html>
