<html>
<body>
<pre>
<h1>µVision Build Log</h1>
<h2>Tool Versions:</h2>
IDE-Version: µVision V5.26.2.0
Copyright (C) 2018 ARM Ltd and ARM Germany GmbH. All rights reserved.
License Information: Andres Yu, Universidad de Zaragoza, LIC=----
 
Tool Versions:
Toolchain:       MDK-Lite  Version: 5.26.2.0
Toolchain Path:  C:\Keil_v5\ARM\ARMCC\Bin
C Compiler:      Armcc.exe V5.06 update 6 (build 750)
Assembler:       Armasm.exe V5.06 update 6 (build 750)
Linker/Locator:  ArmLink.exe V5.06 update 6 (build 750)
Library Manager: ArmAr.exe V5.06 update 6 (build 750)
Hex Converter:   FromElf.exe V5.06 update 6 (build 750)
CPU DLL:         SARM.DLL V5.26.2.0
Dialog DLL:      DARMP.DLL V1.53.0.0
Target DLL:      UL2ARM.DLL V1.74.10.0
Dialog DLL:      TARMP.DLL V1.53.0.0
 
<h2>Project:</h2>
C:\Users\andre\Documents\University\ProyectoHardware\practica2c\keil_reversi.uvproj
Project File Date:  11/19/2023

<h2>Output:</h2>
*** Using Compiler 'V5.06 update 6 (build 750)', folder: 'C:\Keil_v5\ARM\ARMCC\Bin'
Rebuild target 'Simulator'
compiling Retarget.c...
compiling visualizar.c...
compiling planificador.c...
assembling Startup.s...
compiling power.c...
compiling main.c...
main.c(15): warning:  #188-D: enumerated type mixed with another type
  	FIFO_encolar(0, 0);
main.c: 1 warning, 0 errors
compiling gestor_energia.c...
compiling cola.c...
compiling timer_drv.c...
compiling hello_world.c...
compiling timer_hal.c...
assembling SWI.s...
compiling int_externas_hal.c...
compiling alarmas.c...
alarmas.c(6): warning:  #188-D: enumerated type mixed with another type
          alarmas[i].id = -1;
alarmas.c(6): warning:  #68-D: integer conversion resulted in a change of sign
          alarmas[i].id = -1;
alarmas.c: 2 warnings, 0 errors
compiling juego.c...
compiling entrada.c...
compiling wd.c...
compiling botones.c...
compiling linea_serie_drv.c...
compiling tablero.c...
compiling linea_serie_hal.c...
linking...
Program Size: Code=1144 RO-data=32 RW-data=4 ZI-data=2580  
".\keil_reversi.axf" - 0 Error(s), 3 Warning(s).
Build Time Elapsed:  00:00:00
</pre>
</body>
</html>
